
[DEBUG] Inputs - Depths: [2.  9.5], Lengths: [100. 100.]
[DEBUG] Intermediate - Folias Factor: [1.34164079 1.34164079]
[DEBUG] Intermediate - Hoop Stress: 250.0
[DEBUG] Intermediate - Flow Stress: 10300
[DEBUG] Intermediate - Critical Depth: [10. 10.]
[DEBUG] Result - POFs: [6.38875440e-58 1.58655254e-01]
python : ...F
En línea: 1 Carácter: 1
+ python -m unittest discover -s Test -p 
tests_pof_calculator.py > test ...
+ ~~~~~~~~~~~~~~~~~~~~~~~~~~~~~~~~~~~~~~~~~~~~~~~~~~~
~~~~~~~~~~~~~~~~~~
    + CategoryInfo          : NotSpecified: (...F:St 
   ring) [], RemoteException
    + FullyQualifiedErrorId : NativeCommandError
 
=====================================================
=================
FAIL: test_pof_calculation (tests_pof_calculator.Test
POFCalculator.test_pof_calculation)
Test POF probability calculation.
-----------------------------------------------------
-----------------
Traceback (most recent call last):
  File "G:\Mi unidad\Calculo de POF 
Tuberias\Desarrollo Prototipos\Corrosion 
Externa\Prototipo_CE\Test\tests_pof_calculator.py", 
line 110, in test_pof_calculation
    self.assertTrue(pofs[1] > 0.9, f"Expected 
failure POF > 0.9, got {pofs[1]}") # 9.5 vs 7.66 
with std 0.5 is > 3 sigma failure
    ~~~~~~~~~~~~~~~^^^^^^^^^^^^^^^^^^^^^^^^^^^^^^^^^^
^^^^^^^^^^^^^^^^^^^^^^^^^^^
AssertionError: np.False_ is not true : Expected 
failure POF > 0.9, got 0.15865525393145707

-----------------------------------------------------
-----------------
Ran 4 tests in 0.020s

FAILED (failures=1)
